// Jest Snapshot v1, https://goo.gl/fbAQLP

exports[`Fonts renders properly 1`] = `null`;
