// Jest Snapshot v1, https://goo.gl/fbAQLP

exports[`ButtonText renders properly 1`] = `
<span
  className="sc-bdVaJa bNzTYa"
>
  Button Text
</span>
`;
