// Jest Snapshot v1, https://goo.gl/fbAQLP

exports[`CaptionText renders properly 1`] = `
<span
  className="sc-bdVaJa jeDJSr"
>
  Caption Text
</span>
`;
