// Jest Snapshot v1, https://goo.gl/fbAQLP

exports[`OverlineText renders properly 1`] = `
<span
  className="sc-bdVaJa cMvWkV"
>
  Overline Text
</span>
`;
