// Jest Snapshot v1, https://goo.gl/fbAQLP

exports[`Body1 renders properly 1`] = `
<p
  className="sc-bdVaJa sc-bwzfXH ejKZWa"
>
  Body 1
</p>
`;
