// Jest Snapshot v1, https://goo.gl/fbAQLP

exports[`HR renders properly 1`] = `
<hr
  align="left"
/>
`;
