// Jest Snapshot v1, https://goo.gl/fbAQLP

exports[`ExternalLink renders properly 1`] = `
<a
  href="https://google.com/"
  rel="noopener noreferrer"
  target="_blank"
>
  Link Text
</a>
`;
