// Jest Snapshot v1, https://goo.gl/fbAQLP

exports[`Subtitle1 renders properly 1`] = `
<h6
  className="sc-bdVaJa sc-bwzfXH dVRZly"
>
  Subtitle 1
</h6>
`;
