// Jest Snapshot v1, https://goo.gl/fbAQLP

exports[`Subtitle2 renders properly 1`] = `
<h6
  className="sc-bdVaJa sc-bwzfXH iqdCJl"
>
  Subtitle 2
</h6>
`;
