// Jest Snapshot v1, https://goo.gl/fbAQLP

exports[`H1 renders properly 1`] = `
<h1
  className="sc-bdVaJa hEOvXI sc-htpNat cXPedG"
>
  Headline 1
</h1>
`;
