// Jest Snapshot v1, https://goo.gl/fbAQLP

exports[`H1 renders properly 1`] = `
<h2
  className="sc-bdVaJa hEOvXI sc-htpNat hedpSf"
>
  Headline 2
</h2>
`;
