// Jest Snapshot v1, https://goo.gl/fbAQLP

exports[`H3 renders properly 1`] = `
<h3
  className="sc-bdVaJa hEOvXI sc-htpNat dzkfLR"
>
  Headline 1
</h3>
`;
