// Jest Snapshot v1, https://goo.gl/fbAQLP

exports[`H4 renders properly 1`] = `
<h4
  className="sc-bdVaJa sc-bwzfXH cSXMnb sc-htpNat lbBMXQ"
>
  Headline 1
</h4>
`;
