// Jest Snapshot v1, https://goo.gl/fbAQLP

exports[`H5 renders properly 1`] = `
<h5
  className="sc-bdVaJa sc-bwzfXH cSXMnb sc-htpNat iBnHJT"
>
  Headline 1
</h5>
`;
