// Jest Snapshot v1, https://goo.gl/fbAQLP

exports[`H6 renders properly 1`] = `
<h6
  className="sc-bdVaJa sc-bwzfXH cSXMnb sc-htpNat bCorog"
>
  Headline 1
</h6>
`;
